Testing edge cases:
Empty array iteration:
Empty array iteration complete
Single item array iteration:
42
All tests complete