=== Math Standard Library Tests ===
Testing math.max...
✅ math.max(5, 3) = 5
✅ math.max(3, 5) = 5
Testing math.min...
✅ math.min(5, 3) = 3
✅ math.min(3, 5) = 3
Testing math.abs...
✅ math.abs(5) = 5
✅ math.abs(-5) = 5
✅ math.abs(0) = 0
Testing combined operations...
✅ math.max(math.abs(-5), 3) = 5
=== Math Tests Complete ===