✅ math.max test passed
✅ math.abs test passed
Test complete