Hello World
Bolt Language
Welcome to Bolt!
Hello Developer!