Testing framework import...
âœ… Test passed
Framework imported successfully!