ðŸ§ª Testing: math.max
âœ… math.max(5, 3) = 5
âœ… math.max(3, 5) = 5
ðŸ§ª Testing: math.min
âœ… math.min(5, 3) = 3
âœ… math.min(3, 5) = 3
ðŸ§ª Testing: math.abs
âœ… math.abs(5) = 5
âœ… math.abs(0) = 0
âœ… math.abs(-5) = 5
All math stdlib tests completed!